2026-08-11 05:54:57 INFO  (LoggingInitialization) Using log config file: jar:file:/opt/homebrew/Cellar/ghidra/12.1.2/libexec/Ghidra/Framework/Generic/lib/Generic.jar!/generic.log4j.xml
2026-08-11 05:54:57 INFO  (LoggingInitialization) Using log file: /tmp/r1-source-correlation.ssnvjH/reference-headless.log
2026-08-11 05:54:57 DEBUG (GhidraObjectInputFilter) Including serial input filter: FileSystem/data/client.rmi.serial.filter
2026-08-11 05:54:57 INFO  (Preferences) Loading user preferences: /Users/kalani/Library/ghidra/ghidra_12.1.2_PUBLIC/preferences
2026-08-11 05:54:57 INFO  (Preferences) Loading previous preferences: /Users/kalani/Library/ghidra/ghidra_12.1.1_PUBLIC/preferences
2026-08-11 05:54:57 INFO  (ClassSearcher) Searching for classes...
2026-08-11 05:54:57 INFO  (ClassSearcher) Class search complete (552 ms)
2026-08-11 05:54:57 INFO  (DefaultSSLContextInitializer) Initializing SSL Context
2026-08-11 05:54:57 INFO  (SecureRandomFactory) Initializing Random Number Generator...
2026-08-11 05:54:57 INFO  (SecureRandomFactory) Random Number Generator initialization complete: NativePRNGNonBlocking
2026-08-11 05:54:57 INFO  (DefaultTrustManagerFactory) Trust manager disabled, cacerts have not been set
2026-08-11 05:54:58 INFO  (AnalyzeHeadless) Headless startup complete (1869 ms)
2026-08-11 05:54:58 INFO  (ClassSearcher) Class searcher loaded 59 extension points (20 false positives)
2026-08-11 05:54:58 INFO  (HeadlessAnalyzer) HEADLESS Script Paths:
    /opt/homebrew/Cellar/ghidra/12.1.2/libexec/Ghidra/Features/SystemEmulation/ghidra_scripts
    /opt/homebrew/Cellar/ghidra/12.1.2/libexec/Ghidra/Features/Base/ghidra_scripts
    /opt/homebrew/Cellar/ghidra/12.1.2/libexec/Ghidra/Features/FunctionID/ghidra_scripts
    /opt/homebrew/Cellar/ghidra/12.1.2/libexec/Ghidra/Features/WildcardAssembler/ghidra_scripts
    /opt/homebrew/Cellar/ghidra/12.1.2/libexec/Ghidra/Features/MicrosoftCodeAnalyzer/ghidra_scripts
    /opt/homebrew/Cellar/ghidra/12.1.2/libexec/Ghidra/Features/FileFormats/ghidra_scripts
    /opt/homebrew/Cellar/ghidra/12.1.2/libexec/Ghidra/Processors/Atmel/ghidra_scripts
    /opt/homebrew/Cellar/ghidra/12.1.2/libexec/Ghidra/Features/DecompilerDependent/ghidra_scripts
    /opt/homebrew/Cellar/ghidra/12.1.2/libexec/Ghidra/Processors/8051/ghidra_scripts
    /opt/homebrew/Cellar/ghidra/12.1.2/libexec/Ghidra/Processors/DATA/ghidra_scripts
    /opt/homebrew/Cellar/ghidra/12.1.2/libexec/Ghidra/Processors/JVM/ghidra_scripts
    /opt/homebrew/Cellar/ghidra/12.1.2/libexec/Ghidra/Features/GnuDemangler/ghidra_scripts
    /opt/homebrew/Cellar/ghidra/12.1.2/libexec/Ghidra/Debug/Debugger/ghidra_scripts
    /opt/homebrew/Cellar/ghidra/12.1.2/libexec/Ghidra/Features/BSim/ghidra_scripts
    /opt/homebrew/Cellar/ghidra/12.1.2/libexec/Ghidra/Features/BytePatterns/ghidra_scripts
    /opt/homebrew/Cellar/ghidra/12.1.2/libexec/Ghidra/Features/PyGhidra/ghidra_scripts
    /opt/homebrew/Cellar/ghidra/12.1.2/libexec/Ghidra/Debug/Debugger-rmi-trace/ghidra_scripts
    /opt/homebrew/Cellar/ghidra/12.1.2/libexec/Ghidra/Features/Decompiler/ghidra_scripts
    /opt/homebrew/Cellar/ghidra/12.1.2/libexec/Ghidra/Features/SwiftDemangler/ghidra_scripts
    /opt/homebrew/Cellar/ghidra/12.1.2/libexec/Ghidra/Features/VersionTracking/ghidra_scripts
    /opt/homebrew/Cellar/ghidra/12.1.2/libexec/Ghidra/Features/PDB/ghidra_scripts
    /opt/homebrew/Cellar/ghidra/12.1.2/libexec/Ghidra/Processors/PIC/ghidra_scripts
2026-08-11 05:54:58 INFO  (HeadlessAnalyzer) HEADLESS: execution starts
2026-08-11 05:54:58 INFO  (HeadlessAnalyzer) Creating project: /tmp/r1-source-correlation.ssnvjH/r1_source_correlation
2026-08-11 05:54:58 INFO  (DefaultProject) Creating project: /tmp/r1-source-correlation.ssnvjH/r1_source_correlation
2026-08-11 05:54:58 INFO  (HeadlessAnalyzer) REPORT: Processing input files:
2026-08-11 05:54:58 INFO  (HeadlessAnalyzer)      project: /tmp/r1-source-correlation.ssnvjH/r1_source_correlation
2026-08-11 05:54:58 INFO  (HeadlessAnalyzer) IMPORTING: file:///private/tmp/nRF5_SDK_17.1.0_ddde560/examples/dfu/secure_bootloader/pca10056_s140_ble/armgcc/_build/nrf52840_xxaa_s140.out
2026-08-11 05:54:59 DEBUG (ElfHeader) Elf symbol table section .symtab linked to string table section .strtab
2026-08-11 05:54:59 INFO  (ProgramLoader) Using Loader: Executable and Linking Format (ELF)
2026-08-11 05:54:59 INFO  (ProgramLoader) Using Language/Compiler: ARM:LE:32:v8:default
2026-08-11 05:54:59 INFO  (ProgramLoader) Using Library Search Path: [., /System/Library/dyld/dyld_shared_cache_arm64e, /System/Library/dyld/dyld_shared_cache_x86_64, /System/Library/dyld/dyld_shared_cache_x86_64h, /System/Cryptexes/OS/System/Library/dyld/dyld_shared_cache_arm64e, /System/Cryptexes/OS/System/Library/dyld/dyld_shared_cache_x86_64, /System/Cryptexes/OS/System/Library/dyld/dyld_shared_cache_x86_64h, /Users/kalani/Library/Java/Extensions, /Library/Java/Extensions, /Network/Library/Java/Extensions, /System/Library/Java/Extensions, /usr/lib/java]
2026-08-11 05:55:00 DEBUG (ElfHeader) Elf symbol table section .symtab linked to string table section .strtab
2026-08-11 05:55:00 INFO  (ProgramLoader) Additional info:
Loading file:///private/tmp/nRF5_SDK_17.1.0_ddde560/examples/dfu/secure_bootloader/pca10056_s140_ble/armgcc/_build/nrf52840_xxaa_s140.out?MD5=c7199984b81824696528eaf36580a0e6...
Skipping section [.heap] with invalid size 0x0
Unable to place symbol due to non-loaded section: .heap - value=0x20009008, section=.heap
Unable to place symbol due to non-loaded section: __HeapBase - value=0x20009008, section=.heap
Unable to place symbol due to non-loaded section: __HeapLimit - value=0x20009008, section=.heap
Unable to place symbol due to non-loaded section: __end__ - value=0x20009008, section=.heap
------------------------------------------------


2026-08-11 05:55:00 INFO  (HeadlessAnalyzer) IMPORTING: Loaded 0 additional files
2026-08-11 05:55:00 INFO  (HeadlessAnalyzer) ANALYZING all memory and code: file:///private/tmp/nRF5_SDK_17.1.0_ddde560/examples/dfu/secure_bootloader/pca10056_s140_ble/armgcc/_build/nrf52840_xxaa_s140.out
2026-08-11 05:55:01 ERROR (DWARFFunctionImporter) Invalid location for global variable var1:uint32_t @10000130
2026-08-11 05:55:01 ERROR (DWARFFunctionImporter) Invalid location for global variable var2:uint32_t @10000134
2026-08-11 05:55:01 ERROR (DWARFFunctionImporter) Invalid location for global variable var1:uint32_t @10000130
2026-08-11 05:55:01 ERROR (DWARFFunctionImporter) Invalid location for global variable var2:uint32_t @10000134
2026-08-11 05:55:02 INFO  (DWARFImporter) Added 8278 source map entries
2026-08-11 05:55:02 INFO  (DWARFImportSummary) DWARF ver[2, 4], 54 compUnits, 26833 DIES, import - total elapsed: 1615ms
2026-08-11 05:55:02 INFO  (DWARFImportSummary) DWARF data type import - elapsed: 670ms
2026-08-11 05:55:02 INFO  (DWARFImportSummary) DWARF func & symbol import - elapsed: 420ms
2026-08-11 05:55:02 INFO  (DWARFImportSummary) DWARF types imported: 1009
2026-08-11 05:55:02 INFO  (DWARFImportSummary) DWARF enums from macros - elapsed: 2ms
2026-08-11 05:55:02 INFO  (DWARFImportSummary) DWARF compile dirs: [/private/tmp/nRF5_SDK_17.1.0_ddde560/examples/dfu/secure_bootloader/pca10056_s140_ble/armgcc]
2026-08-11 05:55:02 INFO  (DWARFImportSummary) DWARF producers: [GNU AS 2.34.0, GNU C99 9.3.1 20200408 (release) -mcpu=cortex-m4 -mthumb -mabi=aapcs -mfloat-abi=hard -mfpu=fpv4-sp-d16 -march=armv7e-m+fp -g3 -Os -std=c99 -ffunction-sections -fdata-sections -fno-strict-aliasing -fno-builtin -fshort-enums]
2026-08-11 05:55:02 INFO  (DWARFImportSummary) DWARF source languages: [DW_LANG_C99, DW_LANG_Mips_Assembler]
2026-08-11 05:55:02 INFO  (DWARFImportSummary) DWARF compUnit: ../../../../../modules/nrfx/mdk/gcc_startup_nrf52840.S
2026-08-11 05:55:02 INFO  (DWARFImportSummary) DWARF compUnit: ../../../../../components/libraries/scheduler/app_scheduler.c
2026-08-11 05:55:02 INFO  (DWARFImportSummary) DWARF compUnit: ../../../../../components/libraries/util/app_util_platform.c
2026-08-11 05:55:02 INFO  (DWARFImportSummary) DWARF compUnit: ../../../../../components/libraries/crc32/crc32.c
2026-08-11 05:55:02 INFO  (DWARFImportSummary) DWARF compUnit: ../../../../../components/libraries/atomic_fifo/nrf_atfifo.c
2026-08-11 05:55:02 INFO  (DWARFImportSummary) DWARF compUnit: ../../../../../components/libraries/atomic/nrf_atomic.c
2026-08-11 05:55:02 INFO  (DWARFImportSummary) DWARF compUnit: ../../../../../components/libraries/balloc/nrf_balloc.c
2026-08-11 05:55:02 INFO  (DWARFImportSummary) DWARF compUnit: ../../../../../components/libraries/fstorage/nrf_fstorage.c
2026-08-11 05:55:02 INFO  (DWARFImportSummary) DWARF compUnit: ../../../../../components/libraries/fstorage/nrf_fstorage_nvmc.c
2026-08-11 05:55:02 INFO  (DWARFImportSummary) DWARF compUnit: ../../../../../components/libraries/fstorage/nrf_fstorage_sd.c
2026-08-11 05:55:02 INFO  (DWARFImportSummary) DWARF compUnit: ../../../../../components/libraries/experimental_section_vars/nrf_section_iter.c
2026-08-11 05:55:02 INFO  (DWARFImportSummary) DWARF compUnit: ../../../../../modules/nrfx/mdk/system_nrf52840.c
2026-08-11 05:55:02 INFO  (DWARFImportSummary) DWARF compUnit: ../../../../../components/libraries/crypto/backend/cc310_bl/cc310_bl_backend_ecc.c
2026-08-11 05:55:02 INFO  (DWARFImportSummary) DWARF compUnit: ../../../../../components/libraries/crypto/backend/cc310_bl/cc310_bl_backend_ecdsa.c
2026-08-11 05:55:02 INFO  (DWARFImportSummary) DWARF compUnit: ../../../../../components/libraries/crypto/backend/cc310_bl/cc310_bl_backend_hash.c
2026-08-11 05:55:02 INFO  (DWARFImportSummary) DWARF compUnit: ../../../../../components/libraries/crypto/backend/cc310_bl/cc310_bl_backend_init.c
2026-08-11 05:55:02 INFO  (DWARFImportSummary) DWARF compUnit: ../../../../../components/libraries/crypto/backend/cc310_bl/cc310_bl_backend_shared.c
2026-08-11 05:55:02 INFO  (DWARFImportSummary) DWARF compUnit: ../../../../../components/boards/boards.c
2026-08-11 05:55:02 INFO  (DWARFImportSummary) DWARF compUnit: ../../../../../components/softdevice/common/nrf_sdh.c
2026-08-11 05:55:02 INFO  (DWARFImportSummary) DWARF compUnit: ../../../../../components/softdevice/common/nrf_sdh_ble.c
2026-08-11 05:55:02 INFO  (DWARFImportSummary) DWARF compUnit: ../../../../../components/softdevice/common/nrf_sdh_soc.c
2026-08-11 05:55:02 INFO  (DWARFImportSummary) DWARF compUnit: ../../../../../modules/nrfx/hal/nrf_nvmc.c
2026-08-11 05:55:02 INFO  (DWARFImportSummary) DWARF compUnit: ../../../../../components/libraries/crypto/nrf_crypto_ecc.c
2026-08-11 05:55:02 INFO  (DWARFImportSummary) DWARF compUnit: ../../../../../components/libraries/crypto/nrf_crypto_ecdsa.c
2026-08-11 05:55:02 INFO  (DWARFImportSummary) DWARF compUnit: ../../../../../components/libraries/crypto/nrf_crypto_hash.c
2026-08-11 05:55:02 INFO  (DWARFImportSummary) DWARF compUnit: ../../../../../components/libraries/crypto/nrf_crypto_init.c
2026-08-11 05:55:02 INFO  (DWARFImportSummary) DWARF compUnit: ../../../../../components/libraries/crypto/nrf_crypto_shared.c
2026-08-11 05:55:02 INFO  (DWARFImportSummary) DWARF compUnit: ../../../dfu_public_key.c
2026-08-11 05:55:02 INFO  (DWARFImportSummary) DWARF compUnit: ../../main.c
2026-08-11 05:55:02 INFO  (DWARFImportSummary) DWARF compUnit: ../../../../../components/libraries/bootloader/dfu/nrf_dfu_svci_handler.c
2026-08-11 05:55:02 INFO  (DWARFImportSummary) DWARF compUnit: ../../../../../components/libraries/svc/nrf_svc_handler.c
2026-08-11 05:55:02 INFO  (DWARFImportSummary) DWARF compUnit: ../../../../../components/ble/common/ble_srv_common.c
2026-08-11 05:55:02 INFO  (DWARFImportSummary) DWARF compUnit: ../../../../../components/libraries/bootloader/nrf_bootloader.c
2026-08-11 05:55:02 INFO  (DWARFImportSummary) DWARF compUnit: ../../../../../components/libraries/bootloader/nrf_bootloader_app_start.c
2026-08-11 05:55:02 INFO  (DWARFImportSummary) DWARF compUnit: ../../../../../components/libraries/bootloader/nrf_bootloader_app_start_final.c
2026-08-11 05:55:02 INFO  (DWARFImportSummary) DWARF compUnit: ../../../../../components/libraries/bootloader/nrf_bootloader_dfu_timers.c
2026-08-11 05:55:02 INFO  (DWARFImportSummary) DWARF compUnit: ../../../../../components/libraries/bootloader/nrf_bootloader_fw_activation.c
2026-08-11 05:55:02 INFO  (DWARFImportSummary) DWARF compUnit: ../../../../../components/libraries/bootloader/nrf_bootloader_info.c
2026-08-11 05:55:02 INFO  (DWARFImportSummary) DWARF compUnit: ../../../../../components/libraries/bootloader/nrf_bootloader_wdt.c
2026-08-11 05:55:02 INFO  (DWARFImportSummary) DWARF compUnit: ../../../../../external/nano-pb/pb_common.c
2026-08-11 05:55:02 INFO  (DWARFImportSummary) DWARF compUnit: ../../../../../external/nano-pb/pb_decode.c
2026-08-11 05:55:02 INFO  (DWARFImportSummary) DWARF compUnit: ../../../../../components/libraries/bootloader/dfu/dfu-cc.pb.c
2026-08-11 05:55:02 INFO  (DWARFImportSummary) DWARF compUnit: ../../../../../components/libraries/bootloader/dfu/nrf_dfu.c
2026-08-11 05:55:02 INFO  (DWARFImportSummary) DWARF compUnit: ../../../../../components/libraries/bootloader/ble_dfu/nrf_dfu_ble.c
2026-08-11 05:55:02 INFO  (DWARFImportSummary) DWARF compUnit: ../../../../../components/libraries/bootloader/dfu/nrf_dfu_flash.c
2026-08-11 05:55:02 INFO  (DWARFImportSummary) DWARF compUnit: ../../../../../components/libraries/bootloader/dfu/nrf_dfu_handling_error.c
2026-08-11 05:55:02 INFO  (DWARFImportSummary) DWARF compUnit: ../../../../../components/libraries/bootloader/dfu/nrf_dfu_mbr.c
2026-08-11 05:55:02 INFO  (DWARFImportSummary) DWARF compUnit: ../../../../../components/libraries/bootloader/dfu/nrf_dfu_req_handler.c
2026-08-11 05:55:02 INFO  (DWARFImportSummary) DWARF compUnit: ../../../../../components/libraries/bootloader/dfu/nrf_dfu_settings.c
2026-08-11 05:55:02 INFO  (DWARFImportSummary) DWARF compUnit: ../../../../../components/libraries/bootloader/dfu/nrf_dfu_settings_svci.c
2026-08-11 05:55:02 INFO  (DWARFImportSummary) DWARF compUnit: ../../../../../components/libraries/bootloader/dfu/nrf_dfu_transport.c
2026-08-11 05:55:02 INFO  (DWARFImportSummary) DWARF compUnit: ../../../../../components/libraries/bootloader/dfu/nrf_dfu_utils.c
2026-08-11 05:55:02 INFO  (DWARFImportSummary) DWARF compUnit: ../../../../../components/libraries/bootloader/dfu/nrf_dfu_validation.c
2026-08-11 05:55:02 INFO  (DWARFImportSummary) DWARF compUnit: ../../../../../components/libraries/bootloader/dfu/nrf_dfu_ver_validation.c
2026-08-11 05:55:02 ERROR (DWARFImportSummary) DWARF static variables with missing address info:
2026-08-11 05:55:02 ERROR (DWARFImportSummary)   [Variable symbolic name  : variable data type]
2026-08-11 05:55:02 ERROR (DWARFImportSummary)   m_in_critical_region:/DWARF/_UNCATEGORIZED_/uint32_t
2026-08-11 05:55:02 ERROR (DWARFImportSummary)   m_ram_start:/DWARF/_UNCATEGORIZED_/uint32_t *
2026-08-11 05:55:02 ERROR (DWARFImportSummary)   m_board_btn_list:/DWARF/_UNCATEGORIZED_/uint8_t[4]
2026-08-11 05:55:02 ERROR (DWARFImportSummary) DWARF un-recoverable expressions:
2026-08-11 05:55:02 ERROR (DWARFImportSummary)   DW_OP_breg0; DW_OP_stack_value -> 2
2026-08-11 05:55:02 ERROR (DWARFImportSummary)   DW_OP_lit1; DW_OP_stack_value -> 7
2026-08-11 05:55:02 ERROR (DWARFImportSummary)   DW_OP_implicit_value -> 1
2026-08-11 05:55:02 ERROR (DWARFImportSummary)   DW_OP_lit11; DW_OP_stack_value -> 1
2026-08-11 05:55:02 ERROR (DWARFImportSummary)   DW_OP_breg0; DW_OP_deref_size; DW_OP_const1u; DW_OP_and; DW_OP_lit8; DW_OP_shl; DW_OP_breg0; DW_OP_deref_size; DW_OP_const1u; DW_OP_and; DW_OP_or; DW_OP_stack_value -> 1
2026-08-11 05:55:02 ERROR (DWARFImportSummary)   DW_OP_lit7; DW_OP_stack_value -> 1
2026-08-11 05:55:02 ERROR (DWARFImportSummary)   DW_OP_piece; DW_OP_reg1; DW_OP_piece; DW_OP_reg2; DW_OP_piece; DW_OP_lit0; DW_OP_stack_value; DW_OP_piece -> 1
2026-08-11 05:55:02 ERROR (DWARFImportSummary)   DW_OP_addr; DW_OP_stack_value -> 2
2026-08-11 05:55:02 ERROR (DWARFImportSummary)   DW_OP_reg0 -> 216
2026-08-11 05:55:02 ERROR (DWARFImportSummary)   DW_OP_lit0; DW_OP_stack_value -> 16
2026-08-11 05:55:02 ERROR (DWARFImportSummary)   DW_OP_reg2 -> 74
2026-08-11 05:55:02 ERROR (DWARFImportSummary)   DW_OP_reg3 -> 28
2026-08-11 05:55:02 ERROR (DWARFImportSummary)   DW_OP_breg0 -> 1
2026-08-11 05:55:02 ERROR (DWARFImportSummary)   DW_OP_unknown_opcode -> 1
2026-08-11 05:55:02 ERROR (DWARFImportSummary)   DW_OP_reg1 -> 154
2026-08-11 05:55:02 ERROR (DWARFImportSummary)   DW_OP_lit15; DW_OP_stack_value -> 1
2026-08-11 05:55:02 ERROR (DWARFImportSummary)   DW_OP_reg1; DW_OP_piece -> 1
2026-08-11 05:55:02 ERROR (DWARFImportSummary)   DW_OP_lit8; DW_OP_stack_value -> 1
2026-08-11 05:55:06 DEBUG (FidAnalyzer) No FID Libraries apply for language ARM:LE:32:v8
2026-08-11 05:55:06 INFO  (PackedDatabaseCache) Packed database cache: /var/tmp/kalani-ghidra/packed-db-cache
2026-08-11 05:55:06 DEBUG (PackedDatabaseCache) Using cached packed database: /opt/homebrew/Cellar/ghidra/12.1.2/libexec/Ghidra/Features/Base/data/typeinfo/generic/generic_clib.gdt
2026-08-11 05:55:07 INFO  (ApplyDataArchiveAnalyzer) Applied data type archive: generic_clib
2026-08-11 05:55:10 INFO  (AutoAnalysisManager) -----------------------------------------------------
    ARM Constant Reference Analyzer            0.516 secs
    ARM Symbol                                 0.002 secs
    ASCII Strings                              0.234 secs
    Apply Data Archives                        0.473 secs
    Call Convention ID                         2.525 secs
    Call-Fixup Installer                       0.005 secs
    Create Address Tables                      0.016 secs
    Create Address Tables - One Time           0.006 secs
    Create Function                            0.001 secs
    DWARF                                      1.842 secs
    Data Reference                             0.033 secs
    Decompiler Switch Analysis                 2.259 secs
    Demangler GNU                              0.089 secs
    Disassemble Entry Points                   0.651 secs
    Embedded Media                             0.010 secs
    External Entry References                  0.001 secs
    Function ID                                0.033 secs
    Function Start Pre Search                  0.009 secs
    Function Start Search                      0.153 secs
    Function Start Search After Code           0.023 secs
    Function Start Search After Data           0.031 secs
    GCC Exception Handlers                     0.233 secs
    Non-Returning Functions - Discovered       0.023 secs
    Non-Returning Functions - Known            0.005 secs
    Reference                                  0.023 secs
    Shared Return Calls                        0.014 secs
    Stack                                      0.410 secs
    Subroutine References                      0.021 secs
    Subroutine References - One Time           0.000 secs
-----------------------------------------------------
     Total Time   9 secs
-----------------------------------------------------

2026-08-11 05:55:10 INFO  (HeadlessAnalyzer) REPORT: Analysis succeeded for file: file:///private/tmp/nRF5_SDK_17.1.0_ddde560/examples/dfu/secure_bootloader/pca10056_s140_ble/armgcc/_build/nrf52840_xxaa_s140.out
2026-08-11 05:55:10 INFO  (LocalFileSystem) /nrf52840_xxaa_s140.out: file created (kalani)
2026-08-11 05:55:10 INFO  (HeadlessAnalyzer) REPORT: Save succeeded for: /nrf52840_xxaa_s140.out (r1_source_correlation:/nrf52840_xxaa_s140.out)
2026-08-11 05:55:10 INFO  (HeadlessAnalyzer) REPORT: Import succeeded
